// Jest Snapshot v1, https://goo.gl/fbAQLP

exports[`Item.vue matches the snapshot 1`] = `<span>new message</span>`;
